[2026-03-20 14:51:17] Starting cleanup process for my-ag-ui-app Kubernetes deployment...
[2026-03-20 14:51:17] Checking prerequisites...
[2026-03-20 14:51:19] multipass is installed: multipass   1.16.1
multipassd  1.16.1
[2026-03-20 14:51:23] Starting cleanup process for my-ag-ui-app Kubernetes deployment...
[2026-03-20 14:51:23] Checking prerequisites...
[2026-03-20 14:51:24] multipass is installed: multipass   1.16.1
multipassd  1.16.1
[2026-03-20 14:51:24] Cleaning up Kubernetes resources...
[2026-03-20 14:51:24] Using kubectl command: kubectl
[2026-03-20 14:51:24] Found k8s directory, attempting to clean up Kubernetes resources...
[2026-03-20 14:51:24] Deleting ingress resources...
[2026-03-20 14:51:24] Warning: Failed to delete ingress resources (may not exist)
[2026-03-20 14:51:24] Deleting service resources...
[2026-03-20 14:51:25] Warning: Failed to delete service resources (may not exist)
[2026-03-20 14:51:25] Deleting deployment resources...
[2026-03-20 14:51:25] Warning: Failed to delete deployment resources (may not exist)
[2026-03-20 14:51:25] Checking for any remaining Kubernetes resources...
[2026-03-20 14:51:25] Warning: Failed to clean up all Kubernetes resources
[2026-03-20 14:51:25] Kubernetes resource cleanup completed
[2026-03-20 14:51:25] Cleaning up microk8s (if installed)...
[2026-03-20 14:51:25] microk8s not found, skipping microk8s cleanup
[2026-03-20 14:51:25] Cleaning up multipass VM...
[2026-03-20 14:51:26] VM 'my-ag-ui-app-k8s' exists
[2026-03-20 14:51:26] Stopping VM 'my-ag-ui-app-k8s'...
[2026-03-20 14:51:28] VM 'my-ag-ui-app-k8s' stopped successfully
[2026-03-20 14:51:28] Deleting VM 'my-ag-ui-app-k8s'...
[2026-03-20 14:51:28] VM 'my-ag-ui-app-k8s' marked for deletion
[2026-03-20 14:51:28] Purging deleted VMs...
[2026-03-20 14:51:28] VM cleanup completed successfully
[2026-03-20 14:51:28] Cleaning up temporary files...
[2026-03-20 14:51:28] Log file created: cleanup.log
[2026-03-20 14:51:28] Removing deployment.log...
[2026-03-20 14:51:28] Cleaning up test files...
[2026-03-20 14:51:28] All cleanup operations completed successfully
[2026-03-20 14:51:28] Summary of cleanup actions:
[2026-03-20 14:51:28]   - Kubernetes resources cleaned up (if applicable)
[2026-03-20 14:51:28]   - VM 'my-ag-ui-app-k8s' deleted and purged (if existed)
[2026-03-20 14:51:28]   - Temporary files cleaned up
[2026-03-20 14:51:29]   - Cleanup logged to: cleanup.log
[2026-03-20 14:51:52] Starting cleanup process for my-ag-ui-app Kubernetes deployment...
[2026-03-20 14:51:52] Checking prerequisites...
[2026-03-20 14:51:52] multipass is installed: multipass   1.16.1
multipassd  1.16.1
[2026-03-20 14:51:52] Cleaning up Kubernetes resources...
[2026-03-20 14:51:52] Using kubectl command: kubectl
[2026-03-20 14:51:52] Found k8s directory, attempting to clean up Kubernetes resources...
[2026-03-20 14:51:52] Deleting ingress resources...
[2026-03-20 14:51:52] Warning: Failed to delete ingress resources (may not exist)
[2026-03-20 14:51:52] Deleting service resources...
[2026-03-20 14:51:52] Warning: Failed to delete service resources (may not exist)
[2026-03-20 14:51:52] Deleting deployment resources...
[2026-03-20 14:51:52] Warning: Failed to delete deployment resources (may not exist)
[2026-03-20 14:51:52] Checking for any remaining Kubernetes resources...
[2026-03-20 14:51:52] Warning: Failed to clean up all Kubernetes resources
[2026-03-20 14:51:52] Kubernetes resource cleanup completed
[2026-03-20 14:51:52] Cleaning up microk8s (if installed)...
[2026-03-20 14:51:52] microk8s not found, skipping microk8s cleanup
[2026-03-20 14:51:52] Cleaning up multipass VM...
[2026-03-20 14:51:52] VM 'my-ag-ui-app-k8s' does not exist, skipping VM cleanup
[2026-03-20 14:51:52] Cleaning up temporary files...
[2026-03-20 14:51:52] Log file created: cleanup.log
[2026-03-20 14:51:53] Cleaning up test files...
[2026-03-20 14:51:53] All cleanup operations completed successfully
[2026-03-20 14:51:53] Summary of cleanup actions:
[2026-03-20 14:51:53]   - Kubernetes resources cleaned up (if applicable)
[2026-03-20 14:51:53]   - VM 'my-ag-ui-app-k8s' deleted and purged (if existed)
[2026-03-20 14:51:53]   - Temporary files cleaned up
[2026-03-20 14:51:53]   - Cleanup logged to: cleanup.log
[2026-03-20 17:02:53] Starting cleanup process for my-ag-ui-app Kubernetes deployment...
[2026-03-20 17:02:53] Checking prerequisites...
[2026-03-20 17:02:53] multipass is installed: multipass   1.16.1
multipassd  1.16.1
[2026-03-20 17:02:58] Starting cleanup process for my-ag-ui-app Kubernetes deployment...
[2026-03-20 17:02:58] Checking prerequisites...
[2026-03-20 17:02:58] multipass is installed: multipass   1.16.1
multipassd  1.16.1
[2026-03-20 17:02:58] Cleaning up Kubernetes resources...
[2026-03-20 17:02:58] Using kubectl command: kubectl
[2026-03-20 17:02:58] Found k8s directory, attempting to clean up Kubernetes resources...
[2026-03-20 17:02:58] Deleting ingress resources...
[2026-03-20 17:02:59] Warning: Failed to delete ingress resources (may not exist)
[2026-03-20 17:02:59] Deleting service resources...
[2026-03-20 17:02:59] Warning: Failed to delete service resources (may not exist)
[2026-03-20 17:02:59] Deleting deployment resources...
[2026-03-20 17:02:59] Warning: Failed to delete deployment resources (may not exist)
[2026-03-20 17:02:59] Checking for any remaining Kubernetes resources...
[2026-03-20 17:02:59] Warning: Failed to clean up all Kubernetes resources
[2026-03-20 17:02:59] Kubernetes resource cleanup completed
[2026-03-20 17:02:59] Cleaning up microk8s (if installed)...
[2026-03-20 17:02:59] microk8s not found, skipping microk8s cleanup
[2026-03-20 17:02:59] Cleaning up multipass VM...
[2026-03-20 17:02:59] VM 'my-ag-ui-app-k8s' exists
[2026-03-20 17:02:59] Stopping VM 'my-ag-ui-app-k8s'...
